// Jest Snapshot v1, https://goo.gl/fbAQLP

exports[`<Player/> renders the <Player/> with a test video 1`] = `
<div
  class="player__Container-sc-14h7g0h-0"
>
  <button
    class="player__Button-sc-14h7g0h-4 fihXxg"
  >
    Play
  </button>
</div>
`;
